// Jest Snapshot v1, https://goo.gl/fbAQLP

exports[`Home component should match snapshot 1`] = `
<styled.div>
  <styled.aside>
    <ConnectFunction />
  </styled.aside>
  <styled.section>
    <ConnectFunction />
  </styled.section>
  <styled.section>
    <ConnectFunction />
  </styled.section>
</styled.div>
`;
